// Jest Snapshot v1, https://goo.gl/fbAQLP

exports[`Render 1`] = `
<View
  style={
    Array [
      undefined,
      Object {
        "flexDirection": "row",
      },
    ]
  }
>
  <Image
    accessible={true}
    focusable={true}
    onClick={[Function]}
    onResponderGrant={[Function]}
    onResponderMove={[Function]}
    onResponderRelease={[Function]}
    onResponderTerminate={[Function]}
    onResponderTerminationRequest={[Function]}
    onStartShouldSetResponder={[Function]}
    source={
      Object {
        "testUri": "../../../images/icon_star_unselected.png",
      }
    }
    style={
      Object {
        "height": 24,
        "width": 24,
      }
    }
  />
  <Image
    accessible={true}
    focusable={true}
    onClick={[Function]}
    onResponderGrant={[Function]}
    onResponderMove={[Function]}
    onResponderRelease={[Function]}
    onResponderTerminate={[Function]}
    onResponderTerminationRequest={[Function]}
    onStartShouldSetResponder={[Function]}
    source={
      Object {
        "testUri": "../../../images/icon_star_unselected.png",
      }
    }
    style={
      Object {
        "height": 24,
        "width": 24,
      }
    }
  />
  <Image
    accessible={true}
    focusable={true}
    onClick={[Function]}
    onResponderGrant={[Function]}
    onResponderMove={[Function]}
    onResponderRelease={[Function]}
    onResponderTerminate={[Function]}
    onResponderTerminationRequest={[Function]}
    onStartShouldSetResponder={[Function]}
    source={
      Object {
        "testUri": "../../../images/icon_star_unselected.png",
      }
    }
    style={
      Object {
        "height": 24,
        "width": 24,
      }
    }
  />
  <Image
    accessible={true}
    focusable={true}
    onClick={[Function]}
    onResponderGrant={[Function]}
    onResponderMove={[Function]}
    onResponderRelease={[Function]}
    onResponderTerminate={[Function]}
    onResponderTerminationRequest={[Function]}
    onStartShouldSetResponder={[Function]}
    source={
      Object {
        "testUri": "../../../images/icon_star_unselected.png",
      }
    }
    style={
      Object {
        "height": 24,
        "width": 24,
      }
    }
  />
  <Image
    accessible={true}
    focusable={true}
    onClick={[Function]}
    onResponderGrant={[Function]}
    onResponderMove={[Function]}
    onResponderRelease={[Function]}
    onResponderTerminate={[Function]}
    onResponderTerminationRequest={[Function]}
    onStartShouldSetResponder={[Function]}
    source={
      Object {
        "testUri": "../../../images/icon_star_unselected.png",
      }
    }
    style={
      Object {
        "height": 24,
        "width": 24,
      }
    }
  />
</View>
`;

exports[`Render Icon Size 64 1`] = `
<View
  style={
    Array [
      undefined,
      Object {
        "flexDirection": "row",
      },
    ]
  }
>
  <Image
    accessible={true}
    focusable={true}
    onClick={[Function]}
    onResponderGrant={[Function]}
    onResponderMove={[Function]}
    onResponderRelease={[Function]}
    onResponderTerminate={[Function]}
    onResponderTerminationRequest={[Function]}
    onStartShouldSetResponder={[Function]}
    source={
      Object {
        "testUri": "../../../images/icon_star_unselected.png",
      }
    }
    style={
      Object {
        "height": 64,
        "width": 64,
      }
    }
  />
  <Image
    accessible={true}
    focusable={true}
    onClick={[Function]}
    onResponderGrant={[Function]}
    onResponderMove={[Function]}
    onResponderRelease={[Function]}
    onResponderTerminate={[Function]}
    onResponderTerminationRequest={[Function]}
    onStartShouldSetResponder={[Function]}
    source={
      Object {
        "testUri": "../../../images/icon_star_unselected.png",
      }
    }
    style={
      Object {
        "height": 64,
        "width": 64,
      }
    }
  />
  <Image
    accessible={true}
    focusable={true}
    onClick={[Function]}
    onResponderGrant={[Function]}
    onResponderMove={[Function]}
    onResponderRelease={[Function]}
    onResponderTerminate={[Function]}
    onResponderTerminationRequest={[Function]}
    onStartShouldSetResponder={[Function]}
    source={
      Object {
        "testUri": "../../../images/icon_star_unselected.png",
      }
    }
    style={
      Object {
        "height": 64,
        "width": 64,
      }
    }
  />
  <Image
    accessible={true}
    focusable={true}
    onClick={[Function]}
    onResponderGrant={[Function]}
    onResponderMove={[Function]}
    onResponderRelease={[Function]}
    onResponderTerminate={[Function]}
    onResponderTerminationRequest={[Function]}
    onStartShouldSetResponder={[Function]}
    source={
      Object {
        "testUri": "../../../images/icon_star_unselected.png",
      }
    }
    style={
      Object {
        "height": 64,
        "width": 64,
      }
    }
  />
  <Image
    accessible={true}
    focusable={true}
    onClick={[Function]}
    onResponderGrant={[Function]}
    onResponderMove={[Function]}
    onResponderRelease={[Function]}
    onResponderTerminate={[Function]}
    onResponderTerminationRequest={[Function]}
    onStartShouldSetResponder={[Function]}
    source={
      Object {
        "testUri": "../../../images/icon_star_unselected.png",
      }
    }
    style={
      Object {
        "height": 64,
        "width": 64,
      }
    }
  />
</View>
`;

exports[`Render Max 10 1`] = `
<View
  style={
    Array [
      undefined,
      Object {
        "flexDirection": "row",
      },
    ]
  }
>
  <Image
    accessible={true}
    focusable={true}
    onClick={[Function]}
    onResponderGrant={[Function]}
    onResponderMove={[Function]}
    onResponderRelease={[Function]}
    onResponderTerminate={[Function]}
    onResponderTerminationRequest={[Function]}
    onStartShouldSetResponder={[Function]}
    source={
      Object {
        "testUri": "../../../images/icon_star_unselected.png",
      }
    }
    style={
      Object {
        "height": 24,
        "width": 24,
      }
    }
  />
  <Image
    accessible={true}
    focusable={true}
    onClick={[Function]}
    onResponderGrant={[Function]}
    onResponderMove={[Function]}
    onResponderRelease={[Function]}
    onResponderTerminate={[Function]}
    onResponderTerminationRequest={[Function]}
    onStartShouldSetResponder={[Function]}
    source={
      Object {
        "testUri": "../../../images/icon_star_unselected.png",
      }
    }
    style={
      Object {
        "height": 24,
        "width": 24,
      }
    }
  />
  <Image
    accessible={true}
    focusable={true}
    onClick={[Function]}
    onResponderGrant={[Function]}
    onResponderMove={[Function]}
    onResponderRelease={[Function]}
    onResponderTerminate={[Function]}
    onResponderTerminationRequest={[Function]}
    onStartShouldSetResponder={[Function]}
    source={
      Object {
        "testUri": "../../../images/icon_star_unselected.png",
      }
    }
    style={
      Object {
        "height": 24,
        "width": 24,
      }
    }
  />
  <Image
    accessible={true}
    focusable={true}
    onClick={[Function]}
    onResponderGrant={[Function]}
    onResponderMove={[Function]}
    onResponderRelease={[Function]}
    onResponderTerminate={[Function]}
    onResponderTerminationRequest={[Function]}
    onStartShouldSetResponder={[Function]}
    source={
      Object {
        "testUri": "../../../images/icon_star_unselected.png",
      }
    }
    style={
      Object {
        "height": 24,
        "width": 24,
      }
    }
  />
  <Image
    accessible={true}
    focusable={true}
    onClick={[Function]}
    onResponderGrant={[Function]}
    onResponderMove={[Function]}
    onResponderRelease={[Function]}
    onResponderTerminate={[Function]}
    onResponderTerminationRequest={[Function]}
    onStartShouldSetResponder={[Function]}
    source={
      Object {
        "testUri": "../../../images/icon_star_unselected.png",
      }
    }
    style={
      Object {
        "height": 24,
        "width": 24,
      }
    }
  />
  <Image
    accessible={true}
    focusable={true}
    onClick={[Function]}
    onResponderGrant={[Function]}
    onResponderMove={[Function]}
    onResponderRelease={[Function]}
    onResponderTerminate={[Function]}
    onResponderTerminationRequest={[Function]}
    onStartShouldSetResponder={[Function]}
    source={
      Object {
        "testUri": "../../../images/icon_star_unselected.png",
      }
    }
    style={
      Object {
        "height": 24,
        "width": 24,
      }
    }
  />
  <Image
    accessible={true}
    focusable={true}
    onClick={[Function]}
    onResponderGrant={[Function]}
    onResponderMove={[Function]}
    onResponderRelease={[Function]}
    onResponderTerminate={[Function]}
    onResponderTerminationRequest={[Function]}
    onStartShouldSetResponder={[Function]}
    source={
      Object {
        "testUri": "../../../images/icon_star_unselected.png",
      }
    }
    style={
      Object {
        "height": 24,
        "width": 24,
      }
    }
  />
  <Image
    accessible={true}
    focusable={true}
    onClick={[Function]}
    onResponderGrant={[Function]}
    onResponderMove={[Function]}
    onResponderRelease={[Function]}
    onResponderTerminate={[Function]}
    onResponderTerminationRequest={[Function]}
    onStartShouldSetResponder={[Function]}
    source={
      Object {
        "testUri": "../../../images/icon_star_unselected.png",
      }
    }
    style={
      Object {
        "height": 24,
        "width": 24,
      }
    }
  />
  <Image
    accessible={true}
    focusable={true}
    onClick={[Function]}
    onResponderGrant={[Function]}
    onResponderMove={[Function]}
    onResponderRelease={[Function]}
    onResponderTerminate={[Function]}
    onResponderTerminationRequest={[Function]}
    onStartShouldSetResponder={[Function]}
    source={
      Object {
        "testUri": "../../../images/icon_star_unselected.png",
      }
    }
    style={
      Object {
        "height": 24,
        "width": 24,
      }
    }
  />
  <Image
    accessible={true}
    focusable={true}
    onClick={[Function]}
    onResponderGrant={[Function]}
    onResponderMove={[Function]}
    onResponderRelease={[Function]}
    onResponderTerminate={[Function]}
    onResponderTerminationRequest={[Function]}
    onStartShouldSetResponder={[Function]}
    source={
      Object {
        "testUri": "../../../images/icon_star_unselected.png",
      }
    }
    style={
      Object {
        "height": 24,
        "width": 24,
      }
    }
  />
</View>
`;

exports[`Render Rating 3 1`] = `
<View
  style={
    Array [
      undefined,
      Object {
        "flexDirection": "row",
      },
    ]
  }
>
  <Image
    accessible={true}
    focusable={true}
    onClick={[Function]}
    onResponderGrant={[Function]}
    onResponderMove={[Function]}
    onResponderRelease={[Function]}
    onResponderTerminate={[Function]}
    onResponderTerminationRequest={[Function]}
    onStartShouldSetResponder={[Function]}
    source={
      Object {
        "testUri": "../../../images/icon_star_selected.png",
      }
    }
    style={
      Object {
        "height": 24,
        "width": 24,
      }
    }
  />
  <Image
    accessible={true}
    focusable={true}
    onClick={[Function]}
    onResponderGrant={[Function]}
    onResponderMove={[Function]}
    onResponderRelease={[Function]}
    onResponderTerminate={[Function]}
    onResponderTerminationRequest={[Function]}
    onStartShouldSetResponder={[Function]}
    source={
      Object {
        "testUri": "../../../images/icon_star_selected.png",
      }
    }
    style={
      Object {
        "height": 24,
        "width": 24,
      }
    }
  />
  <Image
    accessible={true}
    focusable={true}
    onClick={[Function]}
    onResponderGrant={[Function]}
    onResponderMove={[Function]}
    onResponderRelease={[Function]}
    onResponderTerminate={[Function]}
    onResponderTerminationRequest={[Function]}
    onStartShouldSetResponder={[Function]}
    source={
      Object {
        "testUri": "../../../images/icon_star_selected.png",
      }
    }
    style={
      Object {
        "height": 24,
        "width": 24,
      }
    }
  />
  <Image
    accessible={true}
    focusable={true}
    onClick={[Function]}
    onResponderGrant={[Function]}
    onResponderMove={[Function]}
    onResponderRelease={[Function]}
    onResponderTerminate={[Function]}
    onResponderTerminationRequest={[Function]}
    onStartShouldSetResponder={[Function]}
    source={
      Object {
        "testUri": "../../../images/icon_star_unselected.png",
      }
    }
    style={
      Object {
        "height": 24,
        "width": 24,
      }
    }
  />
  <Image
    accessible={true}
    focusable={true}
    onClick={[Function]}
    onResponderGrant={[Function]}
    onResponderMove={[Function]}
    onResponderRelease={[Function]}
    onResponderTerminate={[Function]}
    onResponderTerminationRequest={[Function]}
    onStartShouldSetResponder={[Function]}
    source={
      Object {
        "testUri": "../../../images/icon_star_unselected.png",
      }
    }
    style={
      Object {
        "height": 24,
        "width": 24,
      }
    }
  />
</View>
`;
